npm error code ENOENT
npm error syscall open
npm error path D:\e-commerce\sudocart\package.json
npm error errno -4058
npm error enoent Could not read package.json: Error: ENOENT: no such file or directory, open 'D:\e-commerce\sudocart\package.json'
npm error enoent This is related to npm not being able to find a file.
npm error enoent
npm error A complete log of this run can be found in: C:\Users\RK\AppData\Local\npm-cache\_logs\2026-03-25T09_45_17_943Z-debug-0.log
